<html>
<body>
<pre>
<h1>µVision Build Log</h1>
<h2>Project:</h2>
C:\Users\Muhammad Osman\Desktop\Test\XO-Game-Osman\SpaceInvaders.uvproj
Project File Date:  06/13/2020

<h2>Output:</h2>
Build target 'SpaceInvaders'
compiling SpaceInvaders.c...
linking...
Program Size: Code=5104 RO-data=872 RW-data=88 ZI-data=1720  
".\SpaceInvaders.axf" - 0 Error(s), 0 Warning(s).
</pre>
</body>
</html>
SpaceInvaders.c(348): error:  #20: identifier "CoordinatePosition" is undefined
                                                CoordinatePosition--;
SpaceInvaders.c(359): error:  #20: identifier "CoordinatePosition" is undefined
                                                                if(Coordinate[CoordinatePosition/3][CoordinatePosition%3]=='_') {
SpaceInvaders.c(374): error:  #20: identifier "CoordinatePosition" is undefined
                                                                if(Coordinate[CoordinatePosition/3][CoordinatePosition%3]=='_') {
SpaceInvaders.c: 0 warnings, 4 errors
".\SpaceInvaders.axf" - 4 Error(s), 0 Warning(s).
Target not created
